2026-07-28T20:36:49.7028631Z Current runner version: '2.336.0'
2026-07-28T20:36:49.7064680Z ##[group]Runner Image Provisioner
2026-07-28T20:36:49.7066066Z Hosted Compute Agent
2026-07-28T20:36:49.7067050Z Version: 20260707.563
2026-07-28T20:36:49.7068254Z Commit: 02667638d2b423fbc733a8e32a88b44996a3ba6e
2026-07-28T20:36:49.7069894Z Build Date: 2026-07-07T19:33:50Z
2026-07-28T20:36:49.7071204Z Worker ID: {79a6c9b1-788b-4478-a8b5-e2b7c26bb2f9}
2026-07-28T20:36:49.7072629Z Azure Region: eastus2
2026-07-28T20:36:49.7073560Z ##[endgroup]
2026-07-28T20:36:49.7075816Z ##[group]Operating System
2026-07-28T20:36:49.7076999Z Ubuntu
2026-07-28T20:36:49.7077932Z 24.04.4
2026-07-28T20:36:49.7079243Z LTS
2026-07-28T20:36:49.7080122Z ##[endgroup]
2026-07-28T20:36:49.7081185Z ##[group]Runner Image
2026-07-28T20:36:49.7082474Z Image: ubuntu-24.04
2026-07-28T20:36:49.7083519Z Version: 20260720.247.2
2026-07-28T20:36:49.7085791Z Included Software: https://github.com/actions/runner-images/blob/ubuntu24/20260720.247/images/ubuntu/Ubuntu2404-Readme.md
2026-07-28T20:36:49.7088634Z Image Release: https://github.com/actions/runner-images/releases/tag/ubuntu24%2F20260720.247
2026-07-28T20:36:49.7090806Z ##[endgroup]
2026-07-28T20:36:49.7092936Z ##[group]GITHUB_TOKEN Permissions
2026-07-28T20:36:49.7096048Z Contents: read
2026-07-28T20:36:49.7096974Z Metadata: read
2026-07-28T20:36:49.7097897Z Pages: write
2026-07-28T20:36:49.7099149Z ##[endgroup]
2026-07-28T20:36:49.7102129Z Secret source: Actions
2026-07-28T20:36:49.7104463Z Prepare workflow directory
2026-07-28T20:36:49.7574189Z Prepare all required actions
2026-07-28T20:36:49.7622753Z Getting action download info
2026-07-28T20:36:49.9565082Z Download action repository 'actions/checkout@v4' (SHA:11d5960a326750d5838078e36cf38b85af677262)
2026-07-28T20:36:50.2181367Z Download action repository 'actions/jekyll-build-pages@v1' (SHA:44a6e6beabd48582f863aeeb6cb2151cc1716697)
2026-07-28T20:36:50.3947150Z Download action repository 'actions/upload-pages-artifact@v3' (SHA:56afc609e74202658d3ffba0e8f6dda462b719fa)
2026-07-28T20:36:50.5880316Z Getting action download info
2026-07-28T20:36:50.6717259Z Download action repository 'actions/upload-artifact@v4' (SHA:ea165f8d65b6e75b540449e92b4886f43607fa02)
2026-07-28T20:36:50.8021939Z Complete job name: build
2026-07-28T20:36:50.8583539Z ##[group]Pull down action image 'ghcr.io/actions/jekyll-build-pages:v1.0.13'
2026-07-28T20:36:50.8640561Z ##[command]/usr/bin/docker pull ghcr.io/actions/jekyll-build-pages:v1.0.13
2026-07-28T20:36:51.2444152Z v1.0.13: Pulling from actions/jekyll-build-pages
2026-07-28T20:36:51.2445532Z efc2b5ad9eec: Pulling fs layer
2026-07-28T20:36:51.2446937Z 165b60d1bb48: Pulling fs layer
2026-07-28T20:36:51.2447687Z 2a328af1ca3a: Pulling fs layer
2026-07-28T20:36:51.2448399Z 32b58fa44788: Pulling fs layer
2026-07-28T20:36:51.2449308Z 590ab93c22d2: Pulling fs layer
2026-07-28T20:36:51.2449887Z 26ea96c4c14c: Pulling fs layer
2026-07-28T20:36:51.2450474Z bd7e451dfea1: Pulling fs layer
2026-07-28T20:36:51.2451029Z c209e9dadc51: Pulling fs layer
2026-07-28T20:36:51.2451630Z a4925b5c711a: Pulling fs layer
2026-07-28T20:36:51.2452232Z cd9459784e3c: Pulling fs layer
2026-07-28T20:36:51.2452769Z 590ab93c22d2: Waiting
2026-07-28T20:36:51.2453250Z 32b58fa44788: Waiting
2026-07-28T20:36:51.2453810Z 26ea96c4c14c: Waiting
2026-07-28T20:36:51.2454323Z bd7e451dfea1: Waiting
2026-07-28T20:36:51.2454880Z c209e9dadc51: Waiting
2026-07-28T20:36:51.2455362Z a4925b5c711a: Waiting
2026-07-28T20:36:51.3198323Z 2a328af1ca3a: Verifying Checksum
2026-07-28T20:36:51.3200061Z 2a328af1ca3a: Download complete
2026-07-28T20:36:51.4108007Z 165b60d1bb48: Verifying Checksum
2026-07-28T20:36:51.4891274Z 165b60d1bb48: Download complete
2026-07-28T20:36:51.4892595Z efc2b5ad9eec: Verifying Checksum
2026-07-28T20:36:51.4894709Z efc2b5ad9eec: Download complete
2026-07-28T20:36:51.4943552Z 590ab93c22d2: Verifying Checksum
2026-07-28T20:36:51.4946631Z 590ab93c22d2: Download complete
2026-07-28T20:36:51.5811092Z bd7e451dfea1: Verifying Checksum
2026-07-28T20:36:51.5812722Z bd7e451dfea1: Download complete
2026-07-28T20:36:51.6160156Z 32b58fa44788: Verifying Checksum
2026-07-28T20:36:51.6162209Z 32b58fa44788: Download complete
2026-07-28T20:36:51.7497013Z a4925b5c711a: Download complete
2026-07-28T20:36:51.8510461Z cd9459784e3c: Verifying Checksum
2026-07-28T20:36:51.8512366Z cd9459784e3c: Download complete
2026-07-28T20:36:51.8895017Z c209e9dadc51: Verifying Checksum
2026-07-28T20:36:51.8897841Z c209e9dadc51: Download complete
2026-07-28T20:36:52.2806866Z 26ea96c4c14c: Verifying Checksum
2026-07-28T20:36:53.0018507Z 26ea96c4c14c: Download complete
2026-07-28T20:36:53.0019316Z efc2b5ad9eec: Pull complete
2026-07-28T20:36:55.7068443Z 165b60d1bb48: Pull complete
2026-07-28T20:36:55.7237968Z 2a328af1ca3a: Pull complete
2026-07-28T20:36:56.7304978Z 32b58fa44788: Pull complete
2026-07-28T20:36:56.7493194Z 590ab93c22d2: Pull complete
2026-07-28T20:37:00.9061940Z 26ea96c4c14c: Pull complete
2026-07-28T20:37:00.9501744Z bd7e451dfea1: Pull complete
2026-07-28T20:37:03.1084708Z c209e9dadc51: Pull complete
2026-07-28T20:37:03.1355258Z a4925b5c711a: Pull complete
2026-07-28T20:37:03.1456516Z cd9459784e3c: Pull complete
2026-07-28T20:37:03.1489185Z Digest: sha256:6791ebfd912185ed59bfb5fb102664fa872496b79f87ff8b9cfba292a7345041
2026-07-28T20:37:03.1524287Z Status: Downloaded newer image for ghcr.io/actions/jekyll-build-pages:v1.0.13
2026-07-28T20:37:03.1533914Z ghcr.io/actions/jekyll-build-pages:v1.0.13
2026-07-28T20:37:03.1562264Z ##[endgroup]
2026-07-28T20:37:03.1891595Z Node 20 is being deprecated. This workflow is running with Node 24 by default. If you need to temporarily use Node 20, you can set the ACTIONS_ALLOW_USE_UNSECURE_NODE_VERSION=true environment variable. For more information see: https://github.blog/changelog/2025-09-19-deprecation-of-node-20-on-github-actions-runners/
2026-07-28T20:37:03.1900800Z ##[group]Run actions/checkout@v4
2026-07-28T20:37:03.1901279Z with:
2026-07-28T20:37:03.1901518Z   ref: main
2026-07-28T20:37:03.1901717Z   submodules: recursive
2026-07-28T20:37:03.1901970Z   repository: guyllotine/pierredelgado
2026-07-28T20:37:03.1904457Z   token: ***
2026-07-28T20:37:03.1904668Z   ssh-strict: true
2026-07-28T20:37:03.1904871Z   ssh-user: git
2026-07-28T20:37:03.1905087Z   persist-credentials: true
2026-07-28T20:37:03.1905324Z   clean: true
2026-07-28T20:37:03.1905537Z   sparse-checkout-cone-mode: true
2026-07-28T20:37:03.1905783Z   fetch-depth: 1
2026-07-28T20:37:03.1905977Z   fetch-tags: false
2026-07-28T20:37:03.1906242Z   show-progress: true
2026-07-28T20:37:03.1906480Z   lfs: false
2026-07-28T20:37:03.1906674Z   set-safe-directory: true
2026-07-28T20:37:03.1906913Z   allow-unsafe-pr-checkout: false
2026-07-28T20:37:03.1907400Z ##[endgroup]
2026-07-28T20:37:03.2970377Z Syncing repository: guyllotine/pierredelgado
2026-07-28T20:37:03.2972336Z ##[group]Getting Git version info
2026-07-28T20:37:03.2972995Z Working directory is '/home/runner/work/pierredelgado/pierredelgado'
2026-07-28T20:37:03.2974035Z [command]/usr/bin/git version
2026-07-28T20:37:03.3065443Z git version 2.54.0
2026-07-28T20:37:03.3094197Z ##[endgroup]
2026-07-28T20:37:03.3111099Z Temporarily overriding HOME='/home/runner/work/_temp/186b8271-cb09-40b0-aa16-40b9c7619b3b' before making global git config changes
2026-07-28T20:37:03.3112621Z Adding repository directory to the temporary git global config as a safe directory
2026-07-28T20:37:03.3117555Z [command]/usr/bin/git config --global --add safe.directory /home/runner/work/pierredelgado/pierredelgado
2026-07-28T20:37:03.3178525Z Deleting the contents of '/home/runner/work/pierredelgado/pierredelgado'
2026-07-28T20:37:03.3184717Z ##[group]Initializing the repository
2026-07-28T20:37:03.3190355Z [command]/usr/bin/git init /home/runner/work/pierredelgado/pierredelgado
2026-07-28T20:37:03.3315596Z hint: Using 'master' as the name for the initial branch. This default branch name
2026-07-28T20:37:03.3316718Z hint: will change to "main" in Git 3.0. To configure the initial branch name
2026-07-28T20:37:03.3317986Z hint: to use in all of your new repositories, which will suppress this warning,
2026-07-28T20:37:03.3319468Z hint: call:
2026-07-28T20:37:03.3319955Z hint:
2026-07-28T20:37:03.3320661Z hint: 	git config --global init.defaultBranch <name>
2026-07-28T20:37:03.3321264Z hint:
2026-07-28T20:37:03.3321944Z hint: Names commonly chosen instead of 'master' are 'main', 'trunk' and
2026-07-28T20:37:03.3322800Z hint: 'development'. The just-created branch can be renamed via this command:
2026-07-28T20:37:03.3323451Z hint:
2026-07-28T20:37:03.3323972Z hint: 	git branch -m <name>
2026-07-28T20:37:03.3324480Z hint:
2026-07-28T20:37:03.3325169Z hint: Disable this message with "git config set advice.defaultBranchName false"
2026-07-28T20:37:03.3326080Z Initialized empty Git repository in /home/runner/work/pierredelgado/pierredelgado/.git/
2026-07-28T20:37:03.3337116Z [command]/usr/bin/git remote add origin https://github.com/guyllotine/pierredelgado
2026-07-28T20:37:03.3408352Z ##[endgroup]
2026-07-28T20:37:03.3409391Z ##[group]Disabling automatic garbage collection
2026-07-28T20:37:03.3410253Z [command]/usr/bin/git config --local gc.auto 0
2026-07-28T20:37:03.3434688Z ##[endgroup]
2026-07-28T20:37:03.3435472Z ##[group]Setting up auth
2026-07-28T20:37:03.3444216Z [command]/usr/bin/git config --local --name-only --get-regexp core\.sshCommand
2026-07-28T20:37:03.3491181Z [command]/usr/bin/git submodule foreach --recursive sh -c "git config --local --name-only --get-regexp 'core\.sshCommand' && git config --local --unset-all 'core.sshCommand' || :"
2026-07-28T20:37:03.4046252Z [command]/usr/bin/git config --local --name-only --get-regexp http\.https\:\/\/github\.com\/\.extraheader
2026-07-28T20:37:03.4066922Z [command]/usr/bin/git submodule foreach --recursive sh -c "git config --local --name-only --get-regexp 'http\.https\:\/\/github\.com\/\.extraheader' && git config --local --unset-all 'http.https://github.com/.extraheader' || :"
2026-07-28T20:37:03.4258093Z [command]/usr/bin/git config --local --name-only --get-regexp ^includeIf\.gitdir:
2026-07-28T20:37:03.4300343Z [command]/usr/bin/git submodule foreach --recursive git config --local --show-origin --name-only --get-regexp remote.origin.url
2026-07-28T20:37:03.4542824Z [command]/usr/bin/git config --local http.https://github.com/.extraheader AUTHORIZATION: basic ***
2026-07-28T20:37:03.4591027Z ##[endgroup]
2026-07-28T20:37:03.4591877Z ##[group]Fetching the repository
2026-07-28T20:37:03.4602759Z [command]/usr/bin/git -c protocol.version=2 fetch --no-tags --prune --no-recurse-submodules --depth=1 origin +refs/heads/main*:refs/remotes/origin/main* +refs/tags/main*:refs/tags/main*
2026-07-28T20:37:03.8452633Z From https://github.com/guyllotine/pierredelgado
2026-07-28T20:37:03.8454117Z  * [new branch]      main       -> origin/main
2026-07-28T20:37:03.8495247Z ##[endgroup]
2026-07-28T20:37:03.8495886Z ##[group]Determining the checkout info
2026-07-28T20:37:03.8505358Z [command]/usr/bin/git branch --list --remote origin/main
2026-07-28T20:37:03.8541174Z   origin/main
2026-07-28T20:37:03.8552098Z ##[endgroup]
2026-07-28T20:37:03.8553325Z [command]/usr/bin/git sparse-checkout disable
2026-07-28T20:37:03.8620052Z [command]/usr/bin/git config --local --unset-all extensions.worktreeConfig
2026-07-28T20:37:03.8656629Z ##[group]Checking out the ref
2026-07-28T20:37:03.8662772Z [command]/usr/bin/git checkout --progress --force -B main refs/remotes/origin/main
2026-07-28T20:37:03.8991637Z Switched to a new branch 'main'
2026-07-28T20:37:03.8994319Z branch 'main' set up to track 'origin/main'.
2026-07-28T20:37:03.9002632Z ##[endgroup]
2026-07-28T20:37:03.9003333Z ##[group]Setting up auth for fetching submodules
2026-07-28T20:37:03.9009727Z [command]/usr/bin/git config --global http.https://github.com/.extraheader AUTHORIZATION: basic ***
2026-07-28T20:37:03.9056479Z [command]/usr/bin/git config --global --unset-all url.https://github.com/.insteadOf
2026-07-28T20:37:03.9094733Z [command]/usr/bin/git config --global --add url.https://github.com/.insteadOf git@github.com:
2026-07-28T20:37:03.9134708Z [command]/usr/bin/git config --global --add url.https://github.com/.insteadOf org-309848654@github.com:
2026-07-28T20:37:03.9169337Z ##[endgroup]
2026-07-28T20:37:03.9169985Z ##[group]Fetching submodules
2026-07-28T20:37:03.9174984Z [command]/usr/bin/git submodule sync --recursive
2026-07-28T20:37:03.9418276Z [command]/usr/bin/git -c protocol.version=2 submodule update --init --force --depth=1 --recursive
2026-07-28T20:37:03.9675033Z [command]/usr/bin/git submodule foreach --recursive git config --local gc.auto 0
2026-07-28T20:37:03.9907380Z ##[endgroup]
2026-07-28T20:37:03.9908088Z ##[group]Persisting credentials for submodules
2026-07-28T20:37:03.9916851Z [command]/usr/bin/git submodule foreach --recursive sh -c "git config --local --name-only --get-regexp 'url\.https\:\/\/github\.com\/\.insteadOf' && git config --local --unset-all 'url.https://github.com/.insteadOf' || :"
2026-07-28T20:37:04.0156446Z [command]/usr/bin/git submodule foreach --recursive sh -c "git config --local 'http.https://github.com/.extraheader' 'AUTHORIZATION: basic ***' && git config --local --show-origin --name-only --get-regexp remote.origin.url"
2026-07-28T20:37:04.0398576Z [command]/usr/bin/git submodule foreach --recursive git config --local --add 'url.https://github.com/.insteadOf' 'git@github.com:'
2026-07-28T20:37:04.0633607Z [command]/usr/bin/git submodule foreach --recursive git config --local --add 'url.https://github.com/.insteadOf' 'org-309848654@github.com:'
2026-07-28T20:37:04.0857806Z ##[endgroup]
2026-07-28T20:37:04.0907514Z [command]/usr/bin/git log -1 --format=%H
2026-07-28T20:37:04.0935588Z 1a71de31086778d6942c2cb7b9b46061a3238284
2026-07-28T20:37:04.1152543Z ##[group]Run actions/jekyll-build-pages@v1
2026-07-28T20:37:04.1152862Z with:
2026-07-28T20:37:04.1153046Z   source: .
2026-07-28T20:37:04.1153230Z   destination: ./_site
2026-07-28T20:37:04.1153436Z   future: false
2026-07-28T20:37:04.1153686Z   build_revision: 1a71de31086778d6942c2cb7b9b46061a3238284
2026-07-28T20:37:04.1153993Z   verbose: true
2026-07-28T20:37:04.1156226Z   token: ***
2026-07-28T20:37:04.1156420Z ##[endgroup]
2026-07-28T20:37:04.1255538Z ##[command]/usr/bin/docker run --name ghcrioactionsjekyllbuildpagesv1013_b27e94 --label 662052 --workdir /github/workspace --rm -e "INPUT_SOURCE" -e "INPUT_DESTINATION" -e "INPUT_FUTURE" -e "INPUT_BUILD_REVISION" -e "INPUT_VERBOSE" -e "INPUT_TOKEN" -e "HOME" -e "GITHUB_JOB" -e "GITHUB_REF" -e "GITHUB_SHA" -e "GITHUB_REPOSITORY" -e "GITHUB_REPOSITORY_OWNER" -e "GITHUB_REPOSITORY_OWNER_ID" -e "GITHUB_RUN_ID" -e "GITHUB_RUN_NUMBER" -e "GITHUB_RETENTION_DAYS" -e "GITHUB_RUN_ATTEMPT" -e "GITHUB_ACTOR_ID" -e "GITHUB_ACTOR" -e "GITHUB_WORKFLOW" -e "GITHUB_HEAD_REF" -e "GITHUB_BASE_REF" -e "GITHUB_EVENT_NAME" -e "GITHUB_SERVER_URL" -e "GITHUB_API_URL" -e "GITHUB_GRAPHQL_URL" -e "GITHUB_REF_NAME" -e "GITHUB_REF_PROTECTED" -e "GITHUB_REF_TYPE" -e "GITHUB_WORKFLOW_REF" -e "GITHUB_WORKFLOW_SHA" -e "GITHUB_REPOSITORY_ID" -e "GITHUB_TRIGGERING_ACTOR" -e "GITHUB_WORKSPACE" -e "GITHUB_ACTION" -e "GITHUB_EVENT_PATH" -e "GITHUB_ACTION_REPOSITORY" -e "GITHUB_ACTION_REF" -e "GITHUB_PATH" -e "GITHUB_ENV" -e "GITHUB_STEP_SUMMARY" -e "GITHUB_STATE" -e "GITHUB_OUTPUT" -e "GITHUB_ARTIFACTS" -e "GITHUB_ARTIFACTS_LIST" -e "RUNNER_OS" -e "RUNNER_ARCH" -e "RUNNER_NAME" -e "RUNNER_ENVIRONMENT" -e "RUNNER_TOOL_CACHE" -e "RUNNER_TEMP" -e "RUNNER_WORKSPACE" -e "ACTIONS_RUNTIME_URL" -e "ACTIONS_RUNTIME_TOKEN" -e "ACTIONS_CACHE_URL" -e "ACTIONS_ID_TOKEN_REQUEST_URL" -e "ACTIONS_ID_TOKEN_REQUEST_TOKEN" -e "ACTIONS_RESULTS_URL" -e "ACTIONS_ORCHESTRATION_ID" -e GITHUB_ACTIONS=true -e CI=true -v "/var/run/docker.sock":"/var/run/docker.sock" -v "/home/runner/work/_temp":"/github/runner_temp" -v "/home/runner/work/_temp/_github_home":"/github/home" -v "/home/runner/work/_temp/_github_workflow":"/github/workflow" -v "/home/runner/work/_temp/_runner_file_commands":"/github/file_commands" -v "/home/runner/work/pierredelgado/pierredelgado":"/github/workspace" ghcr.io/actions/jekyll-build-pages:v1.0.13
2026-07-28T20:37:04.5631052Z The following gems are missing
2026-07-28T20:37:04.5631976Z  * webrick (1.9.2)
2026-07-28T20:37:04.5632937Z  * connection_pool (2.5.0)
2026-07-28T20:37:04.5634074Z  * addressable (2.9.0)
2026-07-28T20:37:04.5634486Z  * csv (3.3.6)
2026-07-28T20:37:04.5634812Z  * i18n (1.15.2)
2026-07-28T20:37:04.5635144Z  * nokogiri (1.19.4)
2026-07-28T20:37:04.5635510Z  * http_parser.rb (0.8.1)
2026-07-28T20:37:04.5635910Z  * concurrent-ruby (1.3.8)
2026-07-28T20:37:04.5636281Z  * listen (3.10.0)
2026-07-28T20:37:04.5636604Z  * rexml (3.4.4)
2026-07-28T20:37:04.5636950Z  * activesupport (8.1.3)
2026-07-28T20:37:04.5637330Z  * dnsruby (1.74.0)
2026-07-28T20:37:04.5637739Z  * typhoeus (1.6.0)
2026-07-28T20:37:04.5638076Z  * commonmarker (0.23.12)
2026-07-28T20:37:04.5638453Z  * rubyzip (2.4.1)
2026-07-28T20:37:04.5639047Z  * logger (1.7.0)
2026-07-28T20:37:04.5639392Z  * base64 (0.3.0)
2026-07-28T20:37:04.5639733Z  * bigdecimal (4.1.2)
2026-07-28T20:37:04.5640090Z  * drb (2.2.3)
2026-07-28T20:37:04.5640410Z  * json (2.21.1)
2026-07-28T20:37:04.5640737Z  * minitest (6.0.6)
2026-07-28T20:37:04.5641088Z  * securerandom (0.4.1)
2026-07-28T20:37:04.5641486Z  * uri (1.1.1)
2026-07-28T20:37:04.5641817Z  * faraday (2.14.3)
2026-07-28T20:37:04.5642147Z  * sawyer (0.9.3)
2026-07-28T20:37:04.5642473Z  * ethon (0.18.0)
2026-07-28T20:37:04.5642798Z  * execjs (2.10.1)
2026-07-28T20:37:04.5643133Z  * ffi (1.17.4)
2026-07-28T20:37:04.5643455Z  * prism (1.9.0)
2026-07-28T20:37:04.5643815Z  * faraday-net_http (3.4.4)
2026-07-28T20:37:04.5644210Z  * net-http (0.9.1)
2026-07-28T20:37:04.5644622Z Install missing gems with `bundle install`
2026-07-28T20:37:04.5691185Z ##[warning]The github-pages gem can't satisfy your Gemfile's dependencies. If you want to use a different Jekyll version or need additional dependencies, consider building Jekyll site with GitHub Actions: https://jekyllrb.com/docs/continuous-integration/github-actions/
2026-07-28T20:37:05.2821465Z To use retry middleware with Faraday v2.0+, install `faraday-retry` gem
2026-07-28T20:37:06.6071205Z [31m  Conversion error: Jekyll::Converters::Scss encountered an error while converting 'assets/css/fontawesome.scss':[0m
2026-07-28T20:37:06.6073698Z [31m                    File to import not found or unreadable: vendor/font-awesome/fontawesome. Load paths: /github/workspace/_sass /usr/local/bundle/gems/jekyll-theme-primer-0.6.0/_sass on line 4[0m
2026-07-28T20:37:06.6075353Z /usr/local/bundle/gems/jekyll-sass-converter-1.5.2/lib/jekyll/converters/scss.rb:123:in `rescue in convert': File to import not found or unreadable: vendor/font-awesome/fontawesome. (Jekyll::Converters::Scss::SyntaxError)
2026-07-28T20:37:06.6076246Z Load paths:
2026-07-28T20:37:06.6076463Z   /github/workspace/_sass
2026-07-28T20:37:06.6076783Z   /usr/local/bundle/gems/jekyll-theme-primer-0.6.0/_sass on line 4
2026-07-28T20:37:06.6077056Z 
2026-07-28T20:37:06.6077190Z         raise SyntaxError, "#{e} on line #{e.sass_line}"
2026-07-28T20:37:06.6077495Z               ^^^^^^^^^^^^^^^^^^^^^^^^^^^^^^^^^^^^^^^^^^
2026-07-28T20:37:06.6077986Z 	from /usr/local/bundle/gems/jekyll-sass-converter-1.5.2/lib/jekyll/converters/scss.rb:118:in `convert'
2026-07-28T20:37:06.6078641Z 	from /usr/local/bundle/gems/jekyll-3.10.0/lib/jekyll/renderer.rb:101:in `block in convert'
2026-07-28T20:37:06.6079629Z 	from /usr/local/bundle/gems/jekyll-3.10.0/lib/jekyll/renderer.rb:99:in `each'
2026-07-28T20:37:06.6080137Z 	from /usr/local/bundle/gems/jekyll-3.10.0/lib/jekyll/renderer.rb:99:in `reduce'
2026-07-28T20:37:06.6080638Z 	from /usr/local/bundle/gems/jekyll-3.10.0/lib/jekyll/renderer.rb:99:in `convert'
2026-07-28T20:37:06.6081187Z 	from /usr/local/bundle/gems/jekyll-3.10.0/lib/jekyll/renderer.rb:83:in `render_document'
2026-07-28T20:37:06.6081713Z 	from /usr/local/bundle/gems/jekyll-3.10.0/lib/jekyll/renderer.rb:62:in `run'
2026-07-28T20:37:06.6082228Z 	from /usr/local/bundle/gems/jekyll-3.10.0/lib/jekyll/site.rb:479:in `render_regenerated'
2026-07-28T20:37:06.6082794Z 	from /usr/local/bundle/gems/jekyll-3.10.0/lib/jekyll/site.rb:472:in `block in render_pages'
2026-07-28T20:37:06.6083315Z 	from /usr/local/bundle/gems/jekyll-3.10.0/lib/jekyll/site.rb:471:in `each'
2026-07-28T20:37:06.6084121Z 	from /usr/local/bundle/gems/jekyll-3.10.0/lib/jekyll/site.rb:471:in `render_pages'
2026-07-28T20:37:06.6084627Z 	from /usr/local/bundle/gems/jekyll-3.10.0/lib/jekyll/site.rb:192:in `render'
2026-07-28T20:37:06.6085101Z 	from /usr/local/bundle/gems/jekyll-3.10.0/lib/jekyll/site.rb:71:in `process'
2026-07-28T20:37:06.6085609Z 	from /usr/local/bundle/gems/jekyll-3.10.0/lib/jekyll/command.rb:28:in `process_site'
2026-07-28T20:37:06.6086162Z 	from /usr/local/bundle/gems/jekyll-3.10.0/lib/jekyll/commands/build.rb:65:in `build'
2026-07-28T20:37:06.6086693Z 	from /usr/local/bundle/gems/jekyll-3.10.0/lib/jekyll/commands/build.rb:36:in `process'
2026-07-28T20:37:06.6087316Z 	from /usr/local/bundle/gems/github-pages-232/bin/github-pages:70:in `block (3 levels) in <top (required)>'
2026-07-28T20:37:06.6087982Z 	from /usr/local/bundle/gems/mercenary-0.3.6/lib/mercenary/command.rb:220:in `block in execute'
2026-07-28T20:37:06.6088545Z 	from /usr/local/bundle/gems/mercenary-0.3.6/lib/mercenary/command.rb:220:in `each'
2026-07-28T20:37:06.6089353Z 	from /usr/local/bundle/gems/mercenary-0.3.6/lib/mercenary/command.rb:220:in `execute'
2026-07-28T20:37:06.6089885Z 	from /usr/local/bundle/gems/mercenary-0.3.6/lib/mercenary/program.rb:42:in `go'
2026-07-28T20:37:06.6090381Z 	from /usr/local/bundle/gems/mercenary-0.3.6/lib/mercenary.rb:19:in `program'
2026-07-28T20:37:06.6090893Z 	from /usr/local/bundle/gems/github-pages-232/bin/github-pages:6:in `<top (required)>'
2026-07-28T20:37:06.6091538Z 	from /usr/local/bundle/bin/github-pages:25:in `load'
2026-07-28T20:37:06.6091901Z 	from /usr/local/bundle/bin/github-pages:25:in `<main>'
2026-07-28T20:37:06.6092417Z (sass):4: File to import not found or unreadable: vendor/font-awesome/fontawesome. (Sass::SyntaxError)
2026-07-28T20:37:06.6092860Z Load paths:
2026-07-28T20:37:06.6093048Z   /github/workspace/_sass
2026-07-28T20:37:06.6093324Z   /usr/local/bundle/gems/jekyll-theme-primer-0.6.0/_sass
2026-07-28T20:37:06.6093796Z 	from /usr/local/bundle/gems/sass-3.7.4/lib/sass/tree/import_node.rb:67:in `rescue in import'
2026-07-28T20:37:06.6094353Z 	from /usr/local/bundle/gems/sass-3.7.4/lib/sass/tree/import_node.rb:44:in `import'
2026-07-28T20:37:06.6094881Z 	from /usr/local/bundle/gems/sass-3.7.4/lib/sass/tree/import_node.rb:28:in `imported_file'
2026-07-28T20:37:06.6095438Z 	from /usr/local/bundle/gems/sass-3.7.4/lib/sass/tree/import_node.rb:37:in `css_import?'
2026-07-28T20:37:06.6096005Z 	from /usr/local/bundle/gems/sass-3.7.4/lib/sass/tree/visitors/perform.rb:310:in `visit_import'
2026-07-28T20:37:06.6096564Z 	from /usr/local/bundle/gems/sass-3.7.4/lib/sass/tree/visitors/base.rb:36:in `visit'
2026-07-28T20:37:06.6097123Z 	from /usr/local/bundle/gems/sass-3.7.4/lib/sass/tree/visitors/perform.rb:158:in `block in visit'
2026-07-28T20:37:06.6097674Z 	from /usr/local/bundle/gems/sass-3.7.4/lib/sass/stack.rb:79:in `block in with_base'
2026-07-28T20:37:06.6098166Z 	from /usr/local/bundle/gems/sass-3.7.4/lib/sass/stack.rb:135:in `with_frame'
2026-07-28T20:37:06.6098638Z 	from /usr/local/bundle/gems/sass-3.7.4/lib/sass/stack.rb:79:in `with_base'
2026-07-28T20:37:06.6099460Z 	from /usr/local/bundle/gems/sass-3.7.4/lib/sass/tree/visitors/perform.rb:158:in `visit'
2026-07-28T20:37:06.6100057Z 	from /usr/local/bundle/gems/sass-3.7.4/lib/sass/tree/visitors/base.rb:52:in `block in visit_children'
2026-07-28T20:37:06.6100633Z 	from /usr/local/bundle/gems/sass-3.7.4/lib/sass/tree/visitors/base.rb:52:in `map'
2026-07-28T20:37:06.6101175Z 	from /usr/local/bundle/gems/sass-3.7.4/lib/sass/tree/visitors/base.rb:52:in `visit_children'
2026-07-28T20:37:06.6101800Z 	from /usr/local/bundle/gems/sass-3.7.4/lib/sass/tree/visitors/perform.rb:167:in `block in visit_children'
2026-07-28T20:37:06.6102450Z 	from /usr/local/bundle/gems/sass-3.7.4/lib/sass/tree/visitors/perform.rb:179:in `with_environment'
2026-07-28T20:37:06.6103065Z 	from /usr/local/bundle/gems/sass-3.7.4/lib/sass/tree/visitors/perform.rb:166:in `visit_children'
2026-07-28T20:37:06.6103649Z 	from /usr/local/bundle/gems/sass-3.7.4/lib/sass/tree/visitors/base.rb:36:in `block in visit'
2026-07-28T20:37:06.6104414Z 	from /usr/local/bundle/gems/sass-3.7.4/lib/sass/tree/visitors/perform.rb:186:in `visit_root'
2026-07-28T20:37:06.6104968Z 	from /usr/local/bundle/gems/sass-3.7.4/lib/sass/tree/visitors/base.rb:36:in `visit'
2026-07-28T20:37:06.6105497Z 	from /usr/local/bundle/gems/sass-3.7.4/lib/sass/tree/visitors/perform.rb:157:in `visit'
2026-07-28T20:37:06.6106033Z 	from /usr/local/bundle/gems/sass-3.7.4/lib/sass/tree/visitors/perform.rb:10:in `visit'
2026-07-28T20:37:06.6106565Z 	from /usr/local/bundle/gems/sass-3.7.4/lib/sass/tree/root_node.rb:36:in `css_tree'
2026-07-28T20:37:06.6107071Z 	from /usr/local/bundle/gems/sass-3.7.4/lib/sass/tree/root_node.rb:20:in `render'
2026-07-28T20:37:06.6107552Z 	from /usr/local/bundle/gems/sass-3.7.4/lib/sass/engine.rb:290:in `render'
2026-07-28T20:37:06.6107991Z 	from /usr/local/bundle/gems/sass-3.7.4/lib/sass.rb:57:in `compile'
2026-07-28T20:37:06.6108530Z 	from /usr/local/bundle/gems/jekyll-sass-converter-1.5.2/lib/jekyll/converters/scss.rb:119:in `convert'
2026-07-28T20:37:06.6109493Z 	from /usr/local/bundle/gems/jekyll-3.10.0/lib/jekyll/renderer.rb:101:in `block in convert'
2026-07-28T20:37:06.6110189Z 	from /usr/local/bundle/gems/jekyll-3.10.0/lib/jekyll/renderer.rb:99:in `each'
2026-07-28T20:37:06.6110955Z 	from /usr/local/bundle/gems/jekyll-3.10.0/lib/jekyll/renderer.rb:99:in `reduce'
2026-07-28T20:37:06.6111467Z 	from /usr/local/bundle/gems/jekyll-3.10.0/lib/jekyll/renderer.rb:99:in `convert'
2026-07-28T20:37:06.6112196Z 	from /usr/local/bundle/gems/jekyll-3.10.0/lib/jekyll/renderer.rb:83:in `render_document'
2026-07-28T20:37:06.6112737Z 	from /usr/local/bundle/gems/jekyll-3.10.0/lib/jekyll/renderer.rb:62:in `run'
2026-07-28T20:37:06.6113254Z 	from /usr/local/bundle/gems/jekyll-3.10.0/lib/jekyll/site.rb:479:in `render_regenerated'
2026-07-28T20:37:06.6113810Z 	from /usr/local/bundle/gems/jekyll-3.10.0/lib/jekyll/site.rb:472:in `block in render_pages'
2026-07-28T20:37:06.6114326Z 	from /usr/local/bundle/gems/jekyll-3.10.0/lib/jekyll/site.rb:471:in `each'
2026-07-28T20:37:06.6114826Z 	from /usr/local/bundle/gems/jekyll-3.10.0/lib/jekyll/site.rb:471:in `render_pages'
2026-07-28T20:37:06.6115317Z 	from /usr/local/bundle/gems/jekyll-3.10.0/lib/jekyll/site.rb:192:in `render'
2026-07-28T20:37:06.6115792Z 	from /usr/local/bundle/gems/jekyll-3.10.0/lib/jekyll/site.rb:71:in `process'
2026-07-28T20:37:06.6116294Z 	from /usr/local/bundle/gems/jekyll-3.10.0/lib/jekyll/command.rb:28:in `process_site'
2026-07-28T20:37:06.6116829Z 	from /usr/local/bundle/gems/jekyll-3.10.0/lib/jekyll/commands/build.rb:65:in `build'
2026-07-28T20:37:06.6117357Z 	from /usr/local/bundle/gems/jekyll-3.10.0/lib/jekyll/commands/build.rb:36:in `process'
2026-07-28T20:37:06.6117974Z 	from /usr/local/bundle/gems/github-pages-232/bin/github-pages:70:in `block (3 levels) in <top (required)>'
2026-07-28T20:37:06.6118628Z 	from /usr/local/bundle/gems/mercenary-0.3.6/lib/mercenary/command.rb:220:in `block in execute'
2026-07-28T20:37:06.6119562Z 	from /usr/local/bundle/gems/mercenary-0.3.6/lib/mercenary/command.rb:220:in `each'
2026-07-28T20:37:06.6120106Z 	from /usr/local/bundle/gems/mercenary-0.3.6/lib/mercenary/command.rb:220:in `execute'
2026-07-28T20:37:06.6120637Z 	from /usr/local/bundle/gems/mercenary-0.3.6/lib/mercenary/program.rb:42:in `go'
2026-07-28T20:37:06.6121132Z 	from /usr/local/bundle/gems/mercenary-0.3.6/lib/mercenary.rb:19:in `program'
2026-07-28T20:37:06.6121648Z 	from /usr/local/bundle/gems/github-pages-232/bin/github-pages:6:in `<top (required)>'
2026-07-28T20:37:06.6122195Z 	from /usr/local/bundle/bin/github-pages:25:in `load'
2026-07-28T20:37:06.6122566Z 	from /usr/local/bundle/bin/github-pages:25:in `<main>'
2026-07-28T20:37:06.6123504Z /usr/local/bundle/gems/sass-3.7.4/lib/sass/tree/import_node.rb:65:in `import': File to import not found or unreadable: vendor/font-awesome/fontawesome. (Sass::SyntaxError)
2026-07-28T20:37:06.6124422Z Load paths:
2026-07-28T20:37:06.6124674Z   /github/workspace/_sass
2026-07-28T20:37:06.6125037Z   /usr/local/bundle/gems/jekyll-theme-primer-0.6.0/_sass
2026-07-28T20:37:06.6125858Z 	from /usr/local/bundle/gems/sass-3.7.4/lib/sass/tree/import_node.rb:28:in `imported_file'
2026-07-28T20:37:06.6126583Z 	from /usr/local/bundle/gems/sass-3.7.4/lib/sass/tree/import_node.rb:37:in `css_import?'
2026-07-28T20:37:06.6127313Z 	from /usr/local/bundle/gems/sass-3.7.4/lib/sass/tree/visitors/perform.rb:310:in `visit_import'
2026-07-28T20:37:06.6128000Z 	from /usr/local/bundle/gems/sass-3.7.4/lib/sass/tree/visitors/base.rb:36:in `visit'
2026-07-28T20:37:06.6128953Z 	from /usr/local/bundle/gems/sass-3.7.4/lib/sass/tree/visitors/perform.rb:158:in `block in visit'
2026-07-28T20:37:06.6129703Z 	from /usr/local/bundle/gems/sass-3.7.4/lib/sass/stack.rb:79:in `block in with_base'
2026-07-28T20:37:06.6130329Z 	from /usr/local/bundle/gems/sass-3.7.4/lib/sass/stack.rb:135:in `with_frame'
2026-07-28T20:37:06.6130937Z 	from /usr/local/bundle/gems/sass-3.7.4/lib/sass/stack.rb:79:in `with_base'
2026-07-28T20:37:06.6131563Z 	from /usr/local/bundle/gems/sass-3.7.4/lib/sass/tree/visitors/perform.rb:158:in `visit'
2026-07-28T20:37:06.6132351Z 	from /usr/local/bundle/gems/sass-3.7.4/lib/sass/tree/visitors/base.rb:52:in `block in visit_children'
2026-07-28T20:37:06.6133090Z 	from /usr/local/bundle/gems/sass-3.7.4/lib/sass/tree/visitors/base.rb:52:in `map'
2026-07-28T20:37:06.6133769Z 	from /usr/local/bundle/gems/sass-3.7.4/lib/sass/tree/visitors/base.rb:52:in `visit_children'
2026-07-28T20:37:06.6134774Z 	from /usr/local/bundle/gems/sass-3.7.4/lib/sass/tree/visitors/perform.rb:167:in `block in visit_children'
2026-07-28T20:37:06.6135616Z 	from /usr/local/bundle/gems/sass-3.7.4/lib/sass/tree/visitors/perform.rb:179:in `with_environment'
2026-07-28T20:37:06.6136383Z 	from /usr/local/bundle/gems/sass-3.7.4/lib/sass/tree/visitors/perform.rb:166:in `visit_children'
2026-07-28T20:37:06.6137129Z 	from /usr/local/bundle/gems/sass-3.7.4/lib/sass/tree/visitors/base.rb:36:in `block in visit'
2026-07-28T20:37:06.6137852Z 	from /usr/local/bundle/gems/sass-3.7.4/lib/sass/tree/visitors/perform.rb:186:in `visit_root'
2026-07-28T20:37:06.6138546Z 	from /usr/local/bundle/gems/sass-3.7.4/lib/sass/tree/visitors/base.rb:36:in `visit'
2026-07-28T20:37:06.6139486Z 	from /usr/local/bundle/gems/sass-3.7.4/lib/sass/tree/visitors/perform.rb:157:in `visit'
2026-07-28T20:37:06.6140147Z 	from /usr/local/bundle/gems/sass-3.7.4/lib/sass/tree/visitors/perform.rb:10:in `visit'
2026-07-28T20:37:06.6140819Z 	from /usr/local/bundle/gems/sass-3.7.4/lib/sass/tree/root_node.rb:36:in `css_tree'
2026-07-28T20:37:06.6141458Z 	from /usr/local/bundle/gems/sass-3.7.4/lib/sass/tree/root_node.rb:20:in `render'
2026-07-28T20:37:06.6142063Z 	from /usr/local/bundle/gems/sass-3.7.4/lib/sass/engine.rb:290:in `render'
2026-07-28T20:37:06.6142603Z 	from /usr/local/bundle/gems/sass-3.7.4/lib/sass.rb:57:in `compile'
2026-07-28T20:37:06.6143267Z 	from /usr/local/bundle/gems/jekyll-sass-converter-1.5.2/lib/jekyll/converters/scss.rb:119:in `convert'
2026-07-28T20:37:06.6144023Z 	from /usr/local/bundle/gems/jekyll-3.10.0/lib/jekyll/renderer.rb:101:in `block in convert'
2026-07-28T20:37:06.6144713Z 	from /usr/local/bundle/gems/jekyll-3.10.0/lib/jekyll/renderer.rb:99:in `each'
2026-07-28T20:37:06.6145338Z 	from /usr/local/bundle/gems/jekyll-3.10.0/lib/jekyll/renderer.rb:99:in `reduce'
2026-07-28T20:37:06.6145967Z 	from /usr/local/bundle/gems/jekyll-3.10.0/lib/jekyll/renderer.rb:99:in `convert'
2026-07-28T20:37:06.6146658Z 	from /usr/local/bundle/gems/jekyll-3.10.0/lib/jekyll/renderer.rb:83:in `render_document'
2026-07-28T20:37:06.6147309Z 	from /usr/local/bundle/gems/jekyll-3.10.0/lib/jekyll/renderer.rb:62:in `run'
2026-07-28T20:37:06.6147951Z 	from /usr/local/bundle/gems/jekyll-3.10.0/lib/jekyll/site.rb:479:in `render_regenerated'
2026-07-28T20:37:06.6148672Z 	from /usr/local/bundle/gems/jekyll-3.10.0/lib/jekyll/site.rb:472:in `block in render_pages'
2026-07-28T20:37:06.6149562Z 	from /usr/local/bundle/gems/jekyll-3.10.0/lib/jekyll/site.rb:471:in `each'
2026-07-28T20:37:06.6150170Z 	from /usr/local/bundle/gems/jekyll-3.10.0/lib/jekyll/site.rb:471:in `render_pages'
2026-07-28T20:37:06.6151046Z 	from /usr/local/bundle/gems/jekyll-3.10.0/lib/jekyll/site.rb:192:in `render'
2026-07-28T20:37:06.6151654Z 	from /usr/local/bundle/gems/jekyll-3.10.0/lib/jekyll/site.rb:71:in `process'
2026-07-28T20:37:06.6152299Z 	from /usr/local/bundle/gems/jekyll-3.10.0/lib/jekyll/command.rb:28:in `process_site'
2026-07-28T20:37:06.6152987Z 	from /usr/local/bundle/gems/jekyll-3.10.0/lib/jekyll/commands/build.rb:65:in `build'
2026-07-28T20:37:06.6153663Z 	from /usr/local/bundle/gems/jekyll-3.10.0/lib/jekyll/commands/build.rb:36:in `process'
2026-07-28T20:37:06.6154445Z 	from /usr/local/bundle/gems/github-pages-232/bin/github-pages:70:in `block (3 levels) in <top (required)>'
2026-07-28T20:37:06.6155293Z 	from /usr/local/bundle/gems/mercenary-0.3.6/lib/mercenary/command.rb:220:in `block in execute'
2026-07-28T20:37:06.6156013Z 	from /usr/local/bundle/gems/mercenary-0.3.6/lib/mercenary/command.rb:220:in `each'
2026-07-28T20:37:06.6156679Z 	from /usr/local/bundle/gems/mercenary-0.3.6/lib/mercenary/command.rb:220:in `execute'
2026-07-28T20:37:06.6157367Z 	from /usr/local/bundle/gems/mercenary-0.3.6/lib/mercenary/program.rb:42:in `go'
2026-07-28T20:37:06.6157998Z 	from /usr/local/bundle/gems/mercenary-0.3.6/lib/mercenary.rb:19:in `program'
2026-07-28T20:37:06.6158644Z 	from /usr/local/bundle/gems/github-pages-232/bin/github-pages:6:in `<top (required)>'
2026-07-28T20:37:06.6159578Z 	from /usr/local/bundle/bin/github-pages:25:in `load'
2026-07-28T20:37:06.6160091Z 	from /usr/local/bundle/bin/github-pages:25:in `<main>'
2026-07-28T20:37:06.6298053Z ##[error] Logging at level: debug Configuration file: /github/workspace/./_config.yml GitHub Pages: github-pages v232 GitHub Pages: jekyll v3.10.0 Theme: jekyll-theme-primer Theme source: /usr/local/bundle/gems/jekyll-theme-primer-0.6.0 Requiring: jekyll-github-metadata Requiring: jekyll-seo-tag Requiring: jekyll-feed Requiring: jekyll-gist Requiring: jekyll-paginate Requiring: jekyll-sitemap Requiring: jekyll-redirect-from Requiring: jemoji Requiring: jekyll-coffeescript Requiring: jekyll-commonmark-ghpages Requiring: jekyll-github-metadata Requiring: jekyll-relative-links Requiring: jekyll-optional-front-matter Requiring: jekyll-readme-index Requiring: jekyll-default-layout Requiring: jekyll-titles-from-headings GitHub Metadata: Initializing... Source: /github/workspace/. Destination: /github/workspace/./_site Incremental build: disabled. Enable with --incremental Generating... EntryFilter: excluded /Gemfile.lock EntryFilter: excluded /Dockerfile EntryFilter: excluded /package.json EntryFilter: excluded /Gemfile EntryFilter: excluded /LICENSE EntryFilter: excluded /README.md Reading: _posts/2012-10-14-entry-7.md Reading: _posts/2019-11-09-entry-6.md EntryFilter: excluded /assets/js/plugins Reading: _teaching/2014-spring-teaching-1.md Reading: _teaching/2015-spring-teaching-2.md Reading: _publications/2009-10-01-paper-title-number-1.md Reading: _publications/2010-10-01-paper-title-number-2.md Reading: _publications/2015-10-01-paper-title-number-3.md Reading: _publications/2024-02-17-paper-title-number-4.md Reading: _publications/2025-06-08-paper-title-number-5.md Reading: _portfolio/portfolio-1.md Reading: _portfolio/portfolio-2.html Reading: _talks/2012-03-01-talk-1.md Reading: _talks/2013-03-01-tutorial-1.md Reading: _talks/2014-02-01-talk-2.md Reading: _talks/2014-03-01-talk-3.md Generating: JekyllRedirectFrom::Generator finished in 0.030557382 seconds. Generating: JekyllOptionalFrontMatter::Generator finished in 0.000180428 seconds. Generating: JekyllReadmeIndex::Generator finished in 0.000407663 seconds. Jekyll Feed: Generating feed for posts Generating: JekyllFeed::Generator finished in 0.000697946 seconds. Generating: Jekyll::Paginate::Pagination finished in 8.937e-06 seconds. Generating: Jekyll::JekyllSitemap finished in 0.000466433 seconds. Generating: JekyllRelativeLinks::Generator finished in 0.003177086 seconds. Generating: JekyllDefaultLayout::Generator finished in 0.000629719 seconds. Requiring: kramdown-parser-gfm Generating: JekyllTitlesFromHeadings::Generator finished in 0.012258864 seconds. Rendering: _posts/2012-10-14-entry-7.md Pre-Render Hooks: _posts/2012-10-14-entry-7.md Rendering Markup: _posts/2012-10-14-entry-7.md Rendering Layout: _posts/2012-10-14-entry-7.md Layout source: site Rendering: _posts/2012-10-14-entry-7.md/#excerpt Pre-Render Hooks: _posts/2012-10-14-entry-7.md/#excerpt Rendering Markup: _posts/2012-10-14-entry-7.md/#excerpt Rendering: _posts/2019-11-09-entry-6.md/#excerpt Pre-Render Hooks: _posts/2019-11-09-entry-6.md/#excerpt Rendering Markup: _posts/2019-11-09-entry-6.md/#excerpt GitHub Metadata: Generating for guyllotine/pierredelgado GitHub Metadata: Calling @client.pages("guyllotine/pierredelgado", {}) Rendering: _posts/2019-11-09-entry-6.md Pre-Render Hooks: _posts/2019-11-09-entry-6.md Rendering Markup: _posts/2019-11-09-entry-6.md Rendering Layout: _posts/2019-11-09-entry-6.md Layout source: site Rendering: _teaching/2014-spring-teaching-1.md Pre-Render Hooks: _teaching/2014-spring-teaching-1.md Rendering Markup: _teaching/2014-spring-teaching-1.md Rendering Layout: _teaching/2014-spring-teaching-1.md Layout source: site Rendering: _teaching/2014-spring-teaching-1.md/#excerpt Pre-Render Hooks: _teaching/2014-spring-teaching-1.md/#excerpt Rendering Markup: _teaching/2014-spring-teaching-1.md/#excerpt Rendering: _teaching/2015-spring-teaching-2.md Pre-Render Hooks: _teaching/2015-spring-teaching-2.md Rendering Markup: _teaching/2015-spring-teaching-2.md Rendering Layout: _teaching/2015-spring-teaching-2.md Layout source: site Rendering: _teaching/2015-spring-teaching-2.md/#excerpt Pr
2026-07-28T20:37:06.7183989Z Node 20 is being deprecated. This workflow is running with Node 24 by default. If you need to temporarily use Node 20, you can set the ACTIONS_ALLOW_USE_UNSECURE_NODE_VERSION=true environment variable. For more information see: https://github.blog/changelog/2025-09-19-deprecation-of-node-20-on-github-actions-runners/
2026-07-28T20:37:06.7185581Z Post job cleanup.
2026-07-28T20:37:06.8056587Z [command]/usr/bin/git version
2026-07-28T20:37:06.8103247Z git version 2.54.0
2026-07-28T20:37:06.8180544Z Temporarily overriding HOME='/home/runner/work/_temp/3e0ad41f-7e04-4597-9471-95d67b354cb2' before making global git config changes
2026-07-28T20:37:06.8182164Z Adding repository directory to the temporary git global config as a safe directory
2026-07-28T20:37:06.8187251Z [command]/usr/bin/git config --global --add safe.directory /home/runner/work/pierredelgado/pierredelgado
2026-07-28T20:37:06.8245359Z [command]/usr/bin/git config --local --name-only --get-regexp core\.sshCommand
2026-07-28T20:37:06.8290584Z [command]/usr/bin/git submodule foreach --recursive sh -c "git config --local --name-only --get-regexp 'core\.sshCommand' && git config --local --unset-all 'core.sshCommand' || :"
2026-07-28T20:37:06.8559981Z [command]/usr/bin/git config --local --name-only --get-regexp http\.https\:\/\/github\.com\/\.extraheader
2026-07-28T20:37:06.8579563Z http.https://github.com/.extraheader
2026-07-28T20:37:06.8592359Z [command]/usr/bin/git config --local --unset-all http.https://github.com/.extraheader
2026-07-28T20:37:06.8662855Z [command]/usr/bin/git submodule foreach --recursive sh -c "git config --local --name-only --get-regexp 'http\.https\:\/\/github\.com\/\.extraheader' && git config --local --unset-all 'http.https://github.com/.extraheader' || :"
2026-07-28T20:37:06.8940238Z [command]/usr/bin/git config --local --name-only --get-regexp ^includeIf\.gitdir:
2026-07-28T20:37:06.8987487Z [command]/usr/bin/git submodule foreach --recursive git config --local --show-origin --name-only --get-regexp remote.origin.url
2026-07-28T20:37:06.9367342Z Cleaning up orphan processes
2026-07-28T20:37:06.9810322Z ##[warning]Node.js 20 is deprecated. The following actions target Node.js 20 but are being forced to run on Node.js 24: actions/checkout@v4. For more information see: https://github.blog/changelog/2025-09-19-deprecation-of-node-20-on-github-actions-runners/
